interp_filt_tb.DUT0.z<0>:interp_filt_tb.Z[0]
interp_filt_tb.DUT0.z<1>:interp_filt_tb.Z[1]
interp_filt_tb.DUT0.z<2>:interp_filt_tb.Z[2]
interp_filt_tb.DUT0.z<3>:interp_filt_tb.Z[3]
interp_filt_tb.DUT0.z<4>:interp_filt_tb.Z[4]
interp_filt_tb.DUT0.z<5>:interp_filt_tb.Z[5]
interp_filt_tb.DUT0.z<6>:interp_filt_tb.Z[6]
interp_filt_tb.DUT0.z<7>:interp_filt_tb.Z[7]
interp_filt_tb.DUT0.z<8>:interp_filt_tb.Z[8]
interp_filt_tb.DUT0.z<9>:interp_filt_tb.Z[9]
interp_filt_tb.DUT0.z<10>:interp_filt_tb.Z[10]
interp_filt_tb.DUT0.z<11>:interp_filt_tb.Z[11]
interp_filt_tb.DUT0.z<12>:interp_filt_tb.Z[12]
interp_filt_tb.DUT0.z<13>:interp_filt_tb.Z[13]
interp_filt_tb.DUT0.z<14>:interp_filt_tb.Z[14]
interp_filt_tb.DUT0.z<15>:interp_filt_tb.Z[15]
interp_filt_tb.DUT0.vss:interp_filt_tb.DUT0.vss
interp_filt_tb.DUT0.vdd:interp_filt_tb.DUT0.vdd
interp_filt_tb.DUT0.clk:interp_filt_tb.DUT0.clk
interp_filt_tb.DUT0.a<0>:interp_filt_tb.DUT0.a<0>
interp_filt_tb.DUT0.a<1>:interp_filt_tb.DUT0.a<1>
interp_filt_tb.DUT0.a<2>:interp_filt_tb.DUT0.a<2>
interp_filt_tb.DUT0.a<3>:interp_filt_tb.DUT0.a<3>
