#  () is used to denote digital_cell, e.g. (digital_ff)
#  <> is used to denote analog_cell, e.g. <analog_ff>
#  {} is used to denote ams_cell, e.g. {ams_ff}
#  [] is used to denote verilog-A, e.g. [verilog-A]
interp_filt_tb(interp_filt_tb).DUT0<interp_filt>.xicc_place27|mn<n105>
interp_filt_tb(interp_filt_tb).DUT0<interp_filt>.xicc_place26|mn<n105>
interp_filt_tb(interp_filt_tb).DUT0<interp_filt>.xicc_place25|mn<n105>
interp_filt_tb(interp_filt_tb).DUT0<interp_filt>.xicc_place24|mn<n105>
interp_filt_tb(interp_filt_tb).DUT0<interp_filt>.xu43|mn5<n105>
interp_filt_tb(interp_filt_tb).DUT0<interp_filt>.xu43|mn4<n105>
interp_filt_tb(interp_filt_tb).DUT0<interp_filt>.xu43|mn3<n105>
interp_filt_tb(interp_filt_tb).DUT0<interp_filt>.xu43|mn2<n105>
interp_filt_tb(interp_filt_tb).DUT0<interp_filt>.xu43|mn1<n105>
interp_filt_tb(interp_filt_tb).DUT0<interp_filt>.xu42|mn5<n105>
interp_filt_tb(interp_filt_tb).DUT0<interp_filt>.xu42|mn4<n105>
interp_filt_tb(interp_filt_tb).DUT0<interp_filt>.xu42|mn3<n105>
interp_filt_tb(interp_filt_tb).DUT0<interp_filt>.xu42|mn2<n105>
interp_filt_tb(interp_filt_tb).DUT0<interp_filt>.xu42|mn1<n105>
interp_filt_tb(interp_filt_tb).DUT0<interp_filt>.xu41|mn5<n105>
interp_filt_tb(interp_filt_tb).DUT0<interp_filt>.xu41|mn4<n105>
interp_filt_tb(interp_filt_tb).DUT0<interp_filt>.xu41|mn3<n105>
interp_filt_tb(interp_filt_tb).DUT0<interp_filt>.xu41|mn2<n105>
interp_filt_tb(interp_filt_tb).DUT0<interp_filt>.xu41|mn1<n105>
interp_filt_tb(interp_filt_tb).DUT0<interp_filt>.xu40|mn5<n105>
interp_filt_tb(interp_filt_tb).DUT0<interp_filt>.xu40|mn4<n105>
interp_filt_tb(interp_filt_tb).DUT0<interp_filt>.xu40|mn3<n105>
interp_filt_tb(interp_filt_tb).DUT0<interp_filt>.xu40|mn2<n105>
interp_filt_tb(interp_filt_tb).DUT0<interp_filt>.xu40|mn1<n105>
interp_filt_tb(interp_filt_tb).DUT0<interp_filt>.xu39|mn5<n105>
interp_filt_tb(interp_filt_tb).DUT0<interp_filt>.xu39|mn4<n105>
interp_filt_tb(interp_filt_tb).DUT0<interp_filt>.xu39|mn3<n105>
interp_filt_tb(interp_filt_tb).DUT0<interp_filt>.xu39|mn2<n105>
interp_filt_tb(interp_filt_tb).DUT0<interp_filt>.xu39|mn1<n105>
interp_filt_tb(interp_filt_tb).DUT0<interp_filt>.xu38|mn5<n105>
interp_filt_tb(interp_filt_tb).DUT0<interp_filt>.xu38|mn4<n105>
interp_filt_tb(interp_filt_tb).DUT0<interp_filt>.xu38|mn3<n105>
interp_filt_tb(interp_filt_tb).DUT0<interp_filt>.xu38|mn2<n105>
interp_filt_tb(interp_filt_tb).DUT0<interp_filt>.xu38|mn1<n105>
interp_filt_tb(interp_filt_tb).DUT0<interp_filt>.xu37|mn5<n105>
interp_filt_tb(interp_filt_tb).DUT0<interp_filt>.xu37|mn4<n105>
interp_filt_tb(interp_filt_tb).DUT0<interp_filt>.xu37|mn3<n105>
interp_filt_tb(interp_filt_tb).DUT0<interp_filt>.xu37|mn2<n105>
interp_filt_tb(interp_filt_tb).DUT0<interp_filt>.xu37|mn1<n105>
interp_filt_tb(interp_filt_tb).DUT0<interp_filt>.xu36|mn5<n105>
interp_filt_tb(interp_filt_tb).DUT0<interp_filt>.xu36|mn4<n105>
interp_filt_tb(interp_filt_tb).DUT0<interp_filt>.xu36|mn3<n105>
interp_filt_tb(interp_filt_tb).DUT0<interp_filt>.xu36|mn2<n105>
interp_filt_tb(interp_filt_tb).DUT0<interp_filt>.xu36|mn1<n105>
interp_filt_tb(interp_filt_tb).DUT0<interp_filt>.xu34|mn5<n105>
interp_filt_tb(interp_filt_tb).DUT0<interp_filt>.xu34|mn4<n105>
interp_filt_tb(interp_filt_tb).DUT0<interp_filt>.xu34|mn3<n105>
interp_filt_tb(interp_filt_tb).DUT0<interp_filt>.xu34|mn2<n105>
interp_filt_tb(interp_filt_tb).DUT0<interp_filt>.xu34|mn1<n105>
interp_filt_tb(interp_filt_tb).DUT0<interp_filt>.xu33|mn5<n105>
interp_filt_tb(interp_filt_tb).DUT0<interp_filt>.xu33|mn4<n105>
interp_filt_tb(interp_filt_tb).DUT0<interp_filt>.xu33|mn3<n105>
interp_filt_tb(interp_filt_tb).DUT0<interp_filt>.xu33|mn2<n105>
interp_filt_tb(interp_filt_tb).DUT0<interp_filt>.xu33|mn1<n105>
interp_filt_tb(interp_filt_tb).DUT0<interp_filt>.xu32|mn5<n105>
interp_filt_tb(interp_filt_tb).DUT0<interp_filt>.xu32|mn4<n105>
interp_filt_tb(interp_filt_tb).DUT0<interp_filt>.xu32|mn3<n105>
interp_filt_tb(interp_filt_tb).DUT0<interp_filt>.xu32|mn2<n105>
interp_filt_tb(interp_filt_tb).DUT0<interp_filt>.xu32|mn1<n105>
interp_filt_tb(interp_filt_tb).DUT0<interp_filt>.xu31|mn5<n105>
interp_filt_tb(interp_filt_tb).DUT0<interp_filt>.xu31|mn4<n105>
interp_filt_tb(interp_filt_tb).DUT0<interp_filt>.xu31|mn3<n105>
interp_filt_tb(interp_filt_tb).DUT0<interp_filt>.xu31|mn2<n105>
interp_filt_tb(interp_filt_tb).DUT0<interp_filt>.xu31|mn1<n105>
interp_filt_tb(interp_filt_tb).DUT0<interp_filt>.xu29|mn5<n105>
interp_filt_tb(interp_filt_tb).DUT0<interp_filt>.xu29|mn4<n105>
interp_filt_tb(interp_filt_tb).DUT0<interp_filt>.xu29|mn3<n105>
interp_filt_tb(interp_filt_tb).DUT0<interp_filt>.xu29|mn2<n105>
interp_filt_tb(interp_filt_tb).DUT0<interp_filt>.xu29|mn1<n105>
interp_filt_tb(interp_filt_tb).DUT0<interp_filt>.xu28|mn5<n105>
interp_filt_tb(interp_filt_tb).DUT0<interp_filt>.xu28|mn4<n105>
interp_filt_tb(interp_filt_tb).DUT0<interp_filt>.xu28|mn3<n105>
interp_filt_tb(interp_filt_tb).DUT0<interp_filt>.xu28|mn2<n105>
interp_filt_tb(interp_filt_tb).DUT0<interp_filt>.xu28|mn1<n105>
interp_filt_tb(interp_filt_tb).DUT0<interp_filt>.xu26|mn5<n105>
interp_filt_tb(interp_filt_tb).DUT0<interp_filt>.xu26|mn4<n105>
interp_filt_tb(interp_filt_tb).DUT0<interp_filt>.xu26|mn3<n105>
interp_filt_tb(interp_filt_tb).DUT0<interp_filt>.xu26|mn2<n105>
interp_filt_tb(interp_filt_tb).DUT0<interp_filt>.xu26|mn1<n105>
interp_filt_tb(interp_filt_tb).DUT0<interp_filt>.xu24|mn5<n105>
interp_filt_tb(interp_filt_tb).DUT0<interp_filt>.xu24|mn4<n105>
interp_filt_tb(interp_filt_tb).DUT0<interp_filt>.xu24|mn3<n105>
interp_filt_tb(interp_filt_tb).DUT0<interp_filt>.xu24|mn2<n105>
interp_filt_tb(interp_filt_tb).DUT0<interp_filt>.xu24|mn1<n105>
interp_filt_tb(interp_filt_tb).DUT0<interp_filt>.xicc_place27|mp<p105>
interp_filt_tb(interp_filt_tb).DUT0<interp_filt>.xicc_place26|mp<p105>
interp_filt_tb(interp_filt_tb).DUT0<interp_filt>.xicc_place25|mp<p105>
interp_filt_tb(interp_filt_tb).DUT0<interp_filt>.xicc_place24|mp<p105>
interp_filt_tb(interp_filt_tb).DUT0<interp_filt>.xu43|mp5<p105>
interp_filt_tb(interp_filt_tb).DUT0<interp_filt>.xu43|mp4<p105>
interp_filt_tb(interp_filt_tb).DUT0<interp_filt>.xu43|mp3<p105>
interp_filt_tb(interp_filt_tb).DUT0<interp_filt>.xu43|mp2<p105>
interp_filt_tb(interp_filt_tb).DUT0<interp_filt>.xu43|mp1<p105>
interp_filt_tb(interp_filt_tb).DUT0<interp_filt>.xu42|mp5<p105>
interp_filt_tb(interp_filt_tb).DUT0<interp_filt>.xu42|mp4<p105>
interp_filt_tb(interp_filt_tb).DUT0<interp_filt>.xu42|mp3<p105>
interp_filt_tb(interp_filt_tb).DUT0<interp_filt>.xu42|mp2<p105>
interp_filt_tb(interp_filt_tb).DUT0<interp_filt>.xu42|mp1<p105>
interp_filt_tb(interp_filt_tb).DUT0<interp_filt>.xu41|mp5<p105>
interp_filt_tb(interp_filt_tb).DUT0<interp_filt>.xu41|mp4<p105>
interp_filt_tb(interp_filt_tb).DUT0<interp_filt>.xu41|mp3<p105>
interp_filt_tb(interp_filt_tb).DUT0<interp_filt>.xu41|mp2<p105>
interp_filt_tb(interp_filt_tb).DUT0<interp_filt>.xu41|mp1<p105>
interp_filt_tb(interp_filt_tb).DUT0<interp_filt>.xu40|mp5<p105>
interp_filt_tb(interp_filt_tb).DUT0<interp_filt>.xu40|mp4<p105>
interp_filt_tb(interp_filt_tb).DUT0<interp_filt>.xu40|mp3<p105>
interp_filt_tb(interp_filt_tb).DUT0<interp_filt>.xu40|mp2<p105>
interp_filt_tb(interp_filt_tb).DUT0<interp_filt>.xu40|mp1<p105>
interp_filt_tb(interp_filt_tb).DUT0<interp_filt>.xu39|mp5<p105>
interp_filt_tb(interp_filt_tb).DUT0<interp_filt>.xu39|mp4<p105>
interp_filt_tb(interp_filt_tb).DUT0<interp_filt>.xu39|mp3<p105>
interp_filt_tb(interp_filt_tb).DUT0<interp_filt>.xu39|mp2<p105>
interp_filt_tb(interp_filt_tb).DUT0<interp_filt>.xu39|mp1<p105>
interp_filt_tb(interp_filt_tb).DUT0<interp_filt>.xu38|mp5<p105>
interp_filt_tb(interp_filt_tb).DUT0<interp_filt>.xu38|mp4<p105>
interp_filt_tb(interp_filt_tb).DUT0<interp_filt>.xu38|mp3<p105>
interp_filt_tb(interp_filt_tb).DUT0<interp_filt>.xu38|mp2<p105>
interp_filt_tb(interp_filt_tb).DUT0<interp_filt>.xu38|mp1<p105>
interp_filt_tb(interp_filt_tb).DUT0<interp_filt>.xu37|mp5<p105>
interp_filt_tb(interp_filt_tb).DUT0<interp_filt>.xu37|mp4<p105>
interp_filt_tb(interp_filt_tb).DUT0<interp_filt>.xu37|mp3<p105>
interp_filt_tb(interp_filt_tb).DUT0<interp_filt>.xu37|mp2<p105>
interp_filt_tb(interp_filt_tb).DUT0<interp_filt>.xu37|mp1<p105>
interp_filt_tb(interp_filt_tb).DUT0<interp_filt>.xu36|mp5<p105>
interp_filt_tb(interp_filt_tb).DUT0<interp_filt>.xu36|mp4<p105>
interp_filt_tb(interp_filt_tb).DUT0<interp_filt>.xu36|mp3<p105>
interp_filt_tb(interp_filt_tb).DUT0<interp_filt>.xu36|mp2<p105>
interp_filt_tb(interp_filt_tb).DUT0<interp_filt>.xu36|mp1<p105>
interp_filt_tb(interp_filt_tb).DUT0<interp_filt>.xu34|mp5<p105>
interp_filt_tb(interp_filt_tb).DUT0<interp_filt>.xu34|mp4<p105>
interp_filt_tb(interp_filt_tb).DUT0<interp_filt>.xu34|mp3<p105>
interp_filt_tb(interp_filt_tb).DUT0<interp_filt>.xu34|mp2<p105>
interp_filt_tb(interp_filt_tb).DUT0<interp_filt>.xu34|mp1<p105>
interp_filt_tb(interp_filt_tb).DUT0<interp_filt>.xu33|mp5<p105>
interp_filt_tb(interp_filt_tb).DUT0<interp_filt>.xu33|mp4<p105>
interp_filt_tb(interp_filt_tb).DUT0<interp_filt>.xu33|mp3<p105>
interp_filt_tb(interp_filt_tb).DUT0<interp_filt>.xu33|mp2<p105>
interp_filt_tb(interp_filt_tb).DUT0<interp_filt>.xu33|mp1<p105>
interp_filt_tb(interp_filt_tb).DUT0<interp_filt>.xu32|mp5<p105>
interp_filt_tb(interp_filt_tb).DUT0<interp_filt>.xu32|mp4<p105>
interp_filt_tb(interp_filt_tb).DUT0<interp_filt>.xu32|mp3<p105>
interp_filt_tb(interp_filt_tb).DUT0<interp_filt>.xu32|mp2<p105>
interp_filt_tb(interp_filt_tb).DUT0<interp_filt>.xu32|mp1<p105>
interp_filt_tb(interp_filt_tb).DUT0<interp_filt>.xu31|mp5<p105>
interp_filt_tb(interp_filt_tb).DUT0<interp_filt>.xu31|mp4<p105>
interp_filt_tb(interp_filt_tb).DUT0<interp_filt>.xu31|mp3<p105>
interp_filt_tb(interp_filt_tb).DUT0<interp_filt>.xu31|mp2<p105>
interp_filt_tb(interp_filt_tb).DUT0<interp_filt>.xu31|mp1<p105>
interp_filt_tb(interp_filt_tb).DUT0<interp_filt>.xu29|mp5<p105>
interp_filt_tb(interp_filt_tb).DUT0<interp_filt>.xu29|mp4<p105>
interp_filt_tb(interp_filt_tb).DUT0<interp_filt>.xu29|mp3<p105>
interp_filt_tb(interp_filt_tb).DUT0<interp_filt>.xu29|mp2<p105>
interp_filt_tb(interp_filt_tb).DUT0<interp_filt>.xu29|mp1<p105>
interp_filt_tb(interp_filt_tb).DUT0<interp_filt>.xu28|mp5<p105>
interp_filt_tb(interp_filt_tb).DUT0<interp_filt>.xu28|mp4<p105>
interp_filt_tb(interp_filt_tb).DUT0<interp_filt>.xu28|mp3<p105>
interp_filt_tb(interp_filt_tb).DUT0<interp_filt>.xu28|mp2<p105>
interp_filt_tb(interp_filt_tb).DUT0<interp_filt>.xu28|mp1<p105>
interp_filt_tb(interp_filt_tb).DUT0<interp_filt>.xu26|mp5<p105>
interp_filt_tb(interp_filt_tb).DUT0<interp_filt>.xu26|mp4<p105>
interp_filt_tb(interp_filt_tb).DUT0<interp_filt>.xu26|mp3<p105>
interp_filt_tb(interp_filt_tb).DUT0<interp_filt>.xu26|mp2<p105>
interp_filt_tb(interp_filt_tb).DUT0<interp_filt>.xu26|mp1<p105>
interp_filt_tb(interp_filt_tb).DUT0<interp_filt>.xu24|mp5<p105>
interp_filt_tb(interp_filt_tb).DUT0<interp_filt>.xu24|mp4<p105>
interp_filt_tb(interp_filt_tb).DUT0<interp_filt>.xu24|mp3<p105>
interp_filt_tb(interp_filt_tb).DUT0<interp_filt>.xu24|mp2<p105>
interp_filt_tb(interp_filt_tb).DUT0<interp_filt>.xu24|mp1<p105>
