
port.rpt
--------

The port.rpt file is generated at compile time, port.rpt contains:

Basic port_map, port_connect and port_dir command syntax.

User defined and default port_map, port_connect and port_dir commands.

All multiple cell view HDL view names and matching spice subckt names.
All multiple cell view HDL port names and port directions and spice 
port names and directions.

All single cell spice subckt port directions.
Spice port directions for the mixed signal integration are derived 
from an equivalent HDL cell view. 
If there are no equivalent HDL cell views all spice ports will have,
by default, inout direction.

------------------------------------------------------------------------------------

Basic port_map command syntax:
------------------------------

use_vhdl	-cell <cell name> port_map (spice_port_name => vhdl_port_name, ...);

use_verilog	-cell <cell name> port_map (spice_port_name => verilog_port_name, ...);

use_spice	-cell <cell name> port_map (vhdl_port_name => spice_port_name, ...);

------------------------------------------------------------------------------------

Basic port_connect command syntax:
----------------------------------

port_connect -cell <cell name> (vhdl|verilog|spice_port_name =><hierarchical path
                                      to node in digital|analog hierarchy>,...);

------------------------------------------------------------------------------------

Basic port_dir command syntax:
------------------------------

port_dir -cell <cell name> (input port_name,port_name,..; output port_name,
                                                                  port_name, ...);

------------------------------------------------------------------------------------

For complete information on all command arguments please refer to the mixed signal 
simulation user guide

------------------------------------------------------------------------------------
------------------------------------------------------------------------------------

Existing(default), derived and/or user defined port_dir options:
------------------------------------------------------------------------------------
  port_dir -cell interp_filt (inout *);  (default)

  port_dir -cell n105 (inout *);  (default)

  port_dir -cell p105 (inout *);  (default)

------------------------------------------------------------------------------------
Single cell views:
--------------------
    interp_filt:            file "interp_filt.sp" line "4"
    n105:               file "/home/ff/ee241/synopsys-32nm/hspice/saed32nm.lib" line "2987"
    p105:               file "/home/ff/ee241/synopsys-32nm/hspice/saed32nm.lib" line "3059"
------------------------------------------------------------------------------------
------------------------------------------------------------------------------------
