# This file prints out data transfer number between Digital and analog
# generated at simulation time               0 ns


# input:  digital pass value to analog
# output: analog pass value to digital
# inout:  both digital and analog can pass value to each other
interp_filt_tb.DUT0.a<0>
    input    16    d2a HiZ no.  8
interp_filt_tb.Z[14]
    inout    1    11    d2a HiZ no.  1    a2d HiZ no.  1
interp_filt_tb.Z[4]
    inout    1    10    d2a HiZ no.  1
interp_filt_tb.Z[5]
    inout    1    10    d2a HiZ no.  1
interp_filt_tb.Z[6]
    inout    1    10    d2a HiZ no.  1
interp_filt_tb.Z[7]
    inout    1    10    d2a HiZ no.  1
interp_filt_tb.Z[8]
    inout    1    10    d2a HiZ no.  1
interp_filt_tb.Z[10]
    inout    1    10    d2a HiZ no.  1
interp_filt_tb.Z[12]
    inout    1    10    d2a HiZ no.  1
interp_filt_tb.Z[1]
    inout    1    9    d2a HiZ no.  1
interp_filt_tb.Z[2]
    inout    1    9    d2a HiZ no.  1
interp_filt_tb.Z[3]
    inout    1    9    d2a HiZ no.  1
interp_filt_tb.Z[11]
    inout    1    9    d2a HiZ no.  1
interp_filt_tb.Z[13]
    inout    1    9    d2a HiZ no.  1
interp_filt_tb.Z[9]
    inout    1    8    d2a HiZ no.  1
interp_filt_tb.DUT0.a<1>
    input    8    d2a HiZ no.  4
interp_filt_tb.Z[0]
    inout    1    6    d2a HiZ no.  1
interp_filt_tb.Z[15]
    inout    1    5    d2a HiZ no.  1
interp_filt_tb.DUT0.a<2>
    input    4    d2a HiZ no.  2
interp_filt_tb.DUT0.a<3>
    input    2    d2a HiZ no.  1


Summary: 

Number of digital pass value to analog (include HighZ):  46
Number of HighZ which digital pass to analog:            31
Number of analog pass value to digital (include HighZ):  145
Number of HighZ which analog pass to digital:            1
Total number:                           191	in 21 interface signals
